// Jest Snapshot v1, https://goo.gl/fbAQLP

exports[`NavBar changes the class when hovered 1`] = `
.c0 {
  background-color: #f4f4f4;
  height: 64px;
  display: -webkit-box;
  display: -webkit-flex;
  display: -ms-flexbox;
  display: flex;
  -webkit-align-items: center;
  -webkit-box-align: center;
  -ms-flex-align: center;
  align-items: center;
  padding: 20px;
  box-sizing: border-box;
  -webkit-flex-shrink: 0;
  -ms-flex-negative: 0;
  flex-shrink: 0;
}

@media only screen and (max-width:500px) {
  .c0 {
    -webkit-flex-direction: row-reverse;
    -ms-flex-direction: row-reverse;
    flex-direction: row-reverse;
    padding: 2vh;
  }
}

<div
  className="c0"
/>
`;
